target_period | 212期
start | sites=238 | workers=16
cache | 近10期缓存动态来源证据不完整；本轮只抓手动指定期，不回抓历史期数

[进度 1/238 0% 成功 0 失败 1 用时 2.3s] 当前：没精打采
[进度 2/238 0% 成功 0 失败 2 用时 2.6s] 当前：花开浅夏
[进度 3/238 1% 成功 0 失败 3 用时 2.6s] 当前：凤毛麟角
[进度 4/238 1% 成功 1 失败 3 用时 3.2s] 当前：震撼六和界
[进度 5/238 2% 成功 2 失败 3 用时 3.2s] 当前：阪上走丸
[进度 6/238 2% 成功 3 失败 3 用时 3.4s] 当前：好好先生
[进度 7/238 2% 成功 4 失败 3 用时 4.5s] 当前：谢天谢地
[进度 8/238 3% 成功 4 失败 4 用时 5.2s] 当前：爱琴浪漫
[进度 9/238 3% 成功 4 失败 5 用时 5.7s] 当前：金牌谜语
[进度 10/238 4% 成功 4 失败 6 用时 6.3s] 当前：天高云淡
[进度 11/238 4% 成功 5 失败 6 用时 7.0s] 当前：来情去意
[进度 12/238 5% 成功 6 失败 6 用时 7.2s] 当前：呼风唤雨
[进度 13/238 5% 成功 6 失败 7 用时 7.7s] 当前：鸟语花香
[进度 14/238 5% 成功 7 失败 7 用时 7.8s] 当前：众矢之的
[进度 15/238 6% 成功 7 失败 8 用时 8.4s] 当前：佶屈聱牙
[进度 16/238 6% 成功 7 失败 9 用时 10.9s] 当前：精准资料
[进度 17/238 7% 成功 7 失败 10 用时 10.9s] 当前：水漫金山
[进度 18/238 7% 成功 7 失败 11 用时 10.9s] 当前：一步到位
[进度 19/238 7% 成功 8 失败 11 用时 11.3s] 当前：东风浩荡
[进度 20/238 8% 成功 9 失败 11 用时 11.4s] 当前：发家致富
[进度 21/238 8% 成功 9 失败 12 用时 11.7s] 当前：一团和气
[进度 22/238 9% 成功 10 失败 12 用时 12.0s] 当前：杀码榜
[进度 23/238 9% 成功 10 失败 13 用时 12.5s] 当前：男人味
[进度 24/238 10% 成功 10 失败 14 用时 13.2s] 当前：熊出没
[进度 25/238 10% 成功 10 失败 15 用时 15.4s] 当前：兄弟情深
[进度 26/238 10% 成功 10 失败 16 用时 15.6s] 当前：平特综合
[进度 27/238 11% 成功 11 失败 16 用时 15.9s] 当前：志在四方
[进度 28/238 11% 成功 11 失败 17 用时 16.4s] 当前：藏锋敛锐
[进度 29/238 12% 成功 11 失败 18 用时 16.5s] 当前：广西仔
[进度 30/238 12% 成功 11 失败 19 用时 16.8s] 当前：万里长城
[进度 31/238 13% 成功 11 失败 20 用时 17.1s] 当前：维鸠居之
[进度 32/238 13% 成功 11 失败 21 用时 17.1s] 当前：人心所向-绝杀一头
[进度 33/238 13% 成功 11 失败 22 用时 17.2s] 当前：义无反顾
[进度 34/238 14% 成功 12 失败 22 用时 17.9s] 当前：三分酒意
[进度 35/238 14% 成功 12 失败 23 用时 18.1s] 当前：不得不爱
[进度 36/238 15% 成功 13 失败 23 用时 18.2s] 当前：致富经
[进度 37/238 15% 成功 14 失败 23 用时 18.6s] 当前：美意延年
[进度 38/238 15% 成功 15 失败 23 用时 18.7s] 当前：水果爷爷
[进度 39/238 16% 成功 15 失败 24 用时 21.4s] 当前：踏雪
[进度 40/238 16% 成功 15 失败 25 用时 22.2s] 当前：蓝月亮
[进度 41/238 17% 成功 15 失败 26 用时 22.8s] 当前：关怀备至
[进度 42/238 17% 成功 15 失败 27 用时 22.9s] 当前：东望西观
[进度 43/238 18% 成功 15 失败 28 用时 23.0s] 当前：瞽旷之耳
[进度 44/238 18% 成功 15 失败 29 用时 23.5s] 当前：老鼠报
[进度 45/238 18% 成功 15 失败 30 用时 23.5s] 当前：沙里淘金
[进度 46/238 19% 成功 15 失败 31 用时 24.0s] 当前：前程似锦
[进度 47/238 19% 成功 16 失败 31 用时 24.2s] 当前：千变万化
[进度 48/238 20% 成功 17 失败 31 用时 24.6s] 当前：举足轻重
[进度 49/238 20% 成功 17 失败 32 用时 25.7s] 当前：天下彩
[进度 50/238 21% 成功 18 失败 32 用时 26.0s] 当前：大吉大利
[进度 51/238 21% 成功 18 失败 33 用时 28.5s] 当前：智能
[进度 52/238 21% 成功 19 失败 33 用时 28.6s] 当前：错过的她
[进度 53/238 22% 成功 20 失败 33 用时 28.7s] 当前：德高望重
[进度 54/238 22% 成功 21 失败 33 用时 28.7s] 当前：花团锦簇
[进度 55/238 23% 成功 22 失败 33 用时 28.7s] 当前：名列前茅
[进度 56/238 23% 成功 22 失败 34 用时 28.7s] 当前：一衣带水
[进度 57/238 23% 成功 23 失败 34 用时 28.8s] 当前：骄横跋扈
[进度 58/238 24% 成功 23 失败 35 用时 29.7s] 当前：澳门公证
[进度 59/238 24% 成功 23 失败 36 用时 30.5s] 当前：信封
[进度 60/238 25% 成功 24 失败 36 用时 31.4s] 当前：三阳开泰
[进度 61/238 25% 成功 24 失败 37 用时 31.5s] 当前：惠泽咯
[进度 62/238 26% 成功 24 失败 38 用时 32.0s] 当前：福星抱抱
[进度 63/238 26% 成功 25 失败 38 用时 32.4s] 当前：澳彩传奇
[进度 64/238 26% 成功 25 失败 39 用时 32.5s] 当前：澳门挂椅
[进度 65/238 27% 成功 25 失败 40 用时 32.7s] 当前：直木必伐
[进度 66/238 27% 成功 25 失败 41 用时 33.5s] 当前：洪七公
[进度 67/238 28% 成功 26 失败 41 用时 33.5s] 当前：叔季之世
[进度 68/238 28% 成功 27 失败 41 用时 33.8s] 当前：角力中原
[进度 69/238 28% 成功 28 失败 41 用时 33.8s] 当前：聪明绝顶
[进度 70/238 29% 成功 28 失败 42 用时 34.2s] 当前：关云长
[进度 71/238 29% 成功 29 失败 42 用时 34.4s] 当前：破甑生尘
[进度 72/238 30% 成功 29 失败 43 用时 34.7s] 当前：讨恶翦暴
[进度 73/238 30% 成功 30 失败 43 用时 35.2s] 当前：奋起直追
[进度 74/238 31% 成功 30 失败 44 用时 35.8s] 当前：離別之前
[进度 75/238 31% 成功 30 失败 45 用时 35.8s] 当前：老中医生
[进度 76/238 31% 成功 30 失败 46 用时 35.9s] 当前：段干益浮
[进度 77/238 32% 成功 30 失败 47 用时 36.0s] 当前：财运必通
[进度 78/238 32% 成功 31 失败 47 用时 36.9s] 当前：呆头呆脚
[进度 79/238 33% 成功 31 失败 48 用时 39.0s] 当前：辽城鹤化
[进度 80/238 33% 成功 31 失败 49 用时 39.6s] 当前：爱憎分明
[进度 81/238 34% 成功 31 失败 50 用时 39.9s] 当前：横行霸道
[进度 82/238 34% 成功 31 失败 51 用时 40.1s] 当前：绝世一战
[进度 83/238 34% 成功 31 失败 52 用时 40.2s] 当前：钱能通神
[进度 84/238 35% 成功 32 失败 52 用时 40.2s] 当前：无名侠客
[进度 85/238 35% 成功 33 失败 52 用时 40.5s] 当前：顺其自然
[进度 86/238 36% 成功 33 失败 53 用时 41.8s] 当前：王中王
[进度 87/238 36% 成功 34 失败 53 用时 42.0s] 当前：神童资讯
[进度 88/238 36% 成功 35 失败 53 用时 42.0s] 当前：老五主
[进度 89/238 37% 成功 36 失败 53 用时 42.4s] 当前：广东八二
[进度 90/238 37% 成功 37 失败 53 用时 42.7s] 当前：肆言如狂
[进度 91/238 38% 成功 37 失败 54 用时 42.7s] 当前：人心所向-④头中特
[进度 92/238 38% 成功 37 失败 55 用时 44.2s] 当前：猪八戒
[进度 93/238 39% 成功 38 失败 55 用时 46.6s] 当前：似水柔情
[进度 94/238 39% 成功 39 失败 55 用时 46.8s] 当前：温婉如水
[进度 95/238 39% 成功 40 失败 55 用时 46.8s] 当前：绝杀一头
[进度 96/238 40% 成功 40 失败 56 用时 48.4s] 当前：偏听偏信
[进度 97/238 40% 成功 41 失败 56 用时 48.8s] 当前：秋收冬藏
[进度 98/238 41% 成功 41 失败 57 用时 49.7s] 当前：今日闲情
[进度 99/238 41% 成功 42 失败 57 用时 49.9s] 当前：送福推荐
[进度 100/238 42% 成功 42 失败 58 用时 51.0s] 当前：六玄
[进度 101/238 42% 成功 43 失败 58 用时 51.1s] 当前：高手如林
[进度 102/238 42% 成功 43 失败 59 用时 51.3s] 当前：风声鹤唳
[进度 103/238 43% 成功 44 失败 59 用时 52.0s] 当前：丘壑泾渭
[进度 104/238 43% 成功 44 失败 60 用时 54.8s] 当前：赤兔
[进度 105/238 44% 成功 44 失败 61 用时 56.2s] 当前：五点来料
[进度 106/238 44% 成功 45 失败 61 用时 56.4s] 当前：火爆全网
[进度 107/238 44% 成功 45 失败 62 用时 57.4s] 当前：精神抖擞
[进度 108/238 45% 成功 46 失败 62 用时 59.5s] 当前：金彩报喜
[进度 109/238 45% 成功 47 失败 62 用时 60.6s] 当前：牛头马面
[进度 110/238 46% 成功 48 失败 62 用时 61.0s] 当前：卡布奇诺
[进度 111/238 46% 成功 49 失败 62 用时 62.2s] 当前：全网最准
[进度 112/238 47% 成功 49 失败 63 用时 63.0s] 当前：全网最准综合
[进度 113/238 47% 成功 49 失败 64 用时 63.8s] 当前：特码输尽光
[进度 114/238 47% 成功 50 失败 64 用时 64.3s] 当前：洁白晶莹
[进度 115/238 48% 成功 50 失败 65 用时 65.1s] 当前：姜太公白姐輸盡光
[进度 116/238 48% 成功 50 失败 66 用时 66.8s] 当前：开心果
[进度 117/238 49% 成功 50 失败 67 用时 68.2s] 当前：花天酒地
[进度 118/238 49% 成功 51 失败 67 用时 69.4s] 当前：悬崖峭壁
[进度 119/238 50% 成功 52 失败 67 用时 69.5s] 当前：管家婆
[进度 120/238 50% 成功 53 失败 67 用时 69.6s] 当前：猜特输尽光
[进度 121/238 50% 成功 54 失败 67 用时 72.5s] 当前：满堂红稳杀一头
[进度 122/238 51% 成功 54 失败 68 用时 73.7s] 当前：满堂红输尽光玄机
[进度 123/238 51% 成功 54 失败 69 用时 75.7s] 当前：输尽光玄机
[进度 124/238 52% 成功 55 失败 69 用时 75.9s] 当前：玩彩相公
[进度 125/238 52% 成功 56 失败 69 用时 76.0s] 当前：赚发中彩
[进度 126/238 52% 成功 56 失败 70 用时 77.9s] 当前：万彩资料
[进度 127/238 53% 成功 57 失败 70 用时 81.6s] 当前：港澳彩资讯网
[进度 128/238 53% 成功 58 失败 70 用时 81.6s] 当前：水泄不通
[进度 129/238 54% 成功 59 失败 70 用时 82.0s] 当前：神算通天
[进度 130/238 54% 成功 60 失败 70 用时 85.5s] 当前：金玉良缘
[进度 131/238 55% 成功 61 失败 70 用时 86.0s] 当前：对方过后
[进度 132/238 55% 成功 62 失败 70 用时 87.2s] 当前：不吐不快-杀一头
[进度 133/238 55% 成功 62 失败 71 用时 87.5s] 当前：扬眉吐气
[进度 134/238 56% 成功 63 失败 71 用时 87.8s] 当前：国色天香
[进度 135/238 56% 成功 64 失败 71 用时 89.5s] 当前：声气相求#1
[进度 136/238 57% 成功 64 失败 72 用时 90.1s] 当前：招财进宝
[进度 137/238 57% 成功 64 失败 73 用时 90.8s] 当前：张嘴结舌
[进度 138/238 57% 成功 65 失败 73 用时 91.4s] 当前：横财计算
[进度 139/238 58% 成功 66 失败 73 用时 91.5s] 当前：十成九稳
[进度 140/238 58% 成功 67 失败 73 用时 92.6s] 当前：浩如烟海
[进度 141/238 59% 成功 67 失败 74 用时 93.2s] 当前：漆雕墨染
[进度 142/238 59% 成功 68 失败 74 用时 94.1s] 当前：天下为笼
[进度 143/238 60% 成功 69 失败 74 用时 94.2s] 当前：高风峻节
[进度 144/238 60% 成功 70 失败 74 用时 95.6s] 当前：弦歌不辍
[进度 145/238 60% 成功 71 失败 74 用时 95.6s] 当前：东奔西走
[进度 146/238 61% 成功 72 失败 74 用时 95.9s] 当前：吉祥特码
[进度 147/238 61% 成功 73 失败 74 用时 100.0s] 当前：心照不宣
[进度 148/238 62% 成功 74 失败 74 用时 101.2s] 当前：夜不闭户
[进度 149/238 62% 成功 75 失败 74 用时 101.3s] 当前：竞星剑
[进度 150/238 63% 成功 75 失败 75 用时 101.9s] 当前：八步毛哥
[进度 151/238 63% 成功 76 失败 75 用时 102.4s] 当前：如坐春风
[进度 152/238 63% 成功 77 失败 75 用时 102.6s] 当前：富丽堂皇
[进度 153/238 64% 成功 78 失败 75 用时 103.2s] 当前：吉星照耀
[进度 154/238 64% 成功 79 失败 75 用时 104.4s] 当前：同舟共济
[进度 155/238 65% 成功 79 失败 76 用时 104.8s] 当前：千呼后拥
[进度 156/238 65% 成功 79 失败 77 用时 105.9s] 当前：七剑下天山
[进度 157/238 65% 成功 79 失败 78 用时 106.4s] 当前：我见犹怜
[进度 158/238 66% 成功 79 失败 79 用时 106.9s] 当前：一望无边
[进度 159/238 66% 成功 80 失败 79 用时 107.0s] 当前：执笔抒情
[进度 160/238 67% 成功 81 失败 79 用时 107.1s] 当前：大难不死
[进度 161/238 67% 成功 81 失败 80 用时 107.2s] 当前：梦醒时分
[进度 162/238 68% 成功 81 失败 81 用时 107.7s] 当前：大显身手
[进度 163/238 68% 成功 82 失败 81 用时 107.9s] 当前：好好学习
[进度 164/238 68% 成功 83 失败 81 用时 108.5s] 当前：无可取代
[进度 165/238 69% 成功 83 失败 82 用时 109.4s] 当前：白鹤晾翅
[进度 166/238 69% 成功 83 失败 83 用时 109.4s] 当前：高屋建瓴
[进度 167/238 70% 成功 84 失败 83 用时 109.6s] 当前：倾暖未颜
[进度 168/238 70% 成功 85 失败 83 用时 109.9s] 当前：琪花瑶草
[进度 169/238 71% 成功 85 失败 84 用时 110.7s] 当前：彩吧
[进度 170/238 71% 成功 85 失败 85 用时 110.8s] 当前：功成名就
[进度 171/238 71% 成功 85 失败 86 用时 111.4s] 当前：链路聚合
[进度 172/238 72% 成功 86 失败 86 用时 111.5s] 当前：取长补短
[进度 173/238 72% 成功 87 失败 86 用时 111.7s] 当前：自取灭亡
[进度 174/238 73% 成功 88 失败 86 用时 112.3s] 当前：周而复始
[进度 175/238 73% 成功 89 失败 86 用时 112.3s] 当前：宁波商人
[进度 176/238 73% 成功 90 失败 86 用时 112.5s] 当前：大智若愚
[进度 177/238 74% 成功 91 失败 86 用时 113.0s] 当前：喜欢药
[进度 178/238 74% 成功 92 失败 86 用时 113.1s] 当前：小沈怕怕
[进度 179/238 75% 成功 93 失败 86 用时 113.2s] 当前：财宝霸业
[进度 180/238 75% 成功 94 失败 86 用时 113.5s] 当前：横财富
[进度 181/238 76% 成功 95 失败 86 用时 113.7s] 当前：随风细雨
[进度 182/238 76% 成功 95 失败 87 用时 113.8s] 当前：张三李四
[进度 183/238 76% 成功 96 失败 87 用时 113.9s] 当前：澳彩内幕
[进度 184/238 77% 成功 97 失败 87 用时 113.9s] 当前：悠然自得
[进度 185/238 77% 成功 98 失败 87 用时 114.4s] 当前：手疾眼快
[进度 186/238 78% 成功 98 失败 88 用时 114.8s] 当前：金多宝四头中特
[进度 187/238 78% 成功 99 失败 88 用时 114.8s] 当前：闭月羞花
[进度 188/238 78% 成功 100 失败 88 用时 114.9s] 当前：助民辉煌
[进度 189/238 79% 成功 101 失败 88 用时 114.9s] 当前：尽释前嫌
[进度 190/238 79% 成功 102 失败 88 用时 115.3s] 当前：不如离去
[进度 191/238 80% 成功 103 失败 88 用时 115.3s] 当前：山高水长
[进度 192/238 80% 成功 104 失败 88 用时 115.4s] 当前：义形于色
[进度 193/238 81% 成功 105 失败 88 用时 115.4s] 当前：只见远方
[进度 194/238 81% 成功 106 失败 88 用时 116.0s] 当前：逢赌必开
[进度 195/238 81% 成功 107 失败 88 用时 116.0s] 当前：酒精泡芙
[进度 196/238 82% 成功 108 失败 88 用时 116.1s] 当前：港陆精英
[进度 197/238 82% 成功 109 失败 88 用时 116.2s] 当前：万中无一
[进度 198/238 83% 成功 109 失败 89 用时 116.2s] 当前：点点灯光
[进度 199/238 83% 成功 110 失败 89 用时 116.2s] 当前：金融主任
[进度 200/238 84% 成功 111 失败 89 用时 116.4s] 当前：桀骜不驯
[进度 201/238 84% 成功 112 失败 89 用时 116.5s] 当前：一举两得
[进度 202/238 84% 成功 113 失败 89 用时 116.6s] 当前：百無禁忌
[进度 203/238 85% 成功 114 失败 89 用时 117.1s] 当前：耿耿于怀
[进度 204/238 85% 成功 114 失败 90 用时 117.4s] 当前：有始有终
[进度 205/238 86% 成功 115 失败 90 用时 117.4s] 当前：相思何处
[进度 206/238 86% 成功 116 失败 90 用时 117.8s] 当前：世事苍凉
[进度 207/238 86% 成功 116 失败 91 用时 118.0s] 当前：书生意气
[进度 208/238 87% 成功 117 失败 91 用时 118.0s] 当前：无敌金刚
[进度 209/238 87% 成功 117 失败 92 用时 118.2s] 当前：赛马会料
[进度 210/238 88% 成功 118 失败 92 用时 118.4s] 当前：财神论坛
[进度 211/238 88% 成功 118 失败 93 用时 118.6s] 当前：未来日记
[进度 212/238 89% 成功 119 失败 93 用时 119.3s] 当前：藕断丝连
[进度 213/238 89% 成功 120 失败 93 用时 119.3s] 当前：唇红齿白
[进度 214/238 89% 成功 121 失败 93 用时 120.1s] 当前：常态胡荽
[进度 215/238 90% 成功 121 失败 94 用时 120.3s] 当前：王与贱民
[进度 216/238 90% 成功 122 失败 94 用时 120.8s] 当前：易逝婴儿
[进度 217/238 91% 成功 123 失败 94 用时 120.9s] 当前：小喵酱@
[进度 218/238 91% 成功 124 失败 94 用时 121.0s] 当前：威震四方
[进度 219/238 92% 成功 124 失败 95 用时 121.4s] 当前：刮目相看
[进度 220/238 92% 成功 125 失败 95 用时 121.5s] 当前：华丽手相
[进度 221/238 92% 成功 125 失败 96 用时 121.6s] 当前：刚猛面食
[进度 222/238 93% 成功 126 失败 96 用时 121.8s] 当前：日益精进
[进度 223/238 93% 成功 127 失败 96 用时 122.2s] 当前：花朵之蓝
[进度 224/238 94% 成功 128 失败 96 用时 122.6s] 当前：优秀服饰
[进度 225/238 94% 成功 129 失败 96 用时 124.0s] 当前：鼓舞泥堆
[进度 226/238 94% 成功 130 失败 96 用时 124.0s] 当前：致富之路
[进度 227/238 95% 成功 131 失败 96 用时 124.0s] 当前：不可亵玩
[进度 228/238 95% 成功 132 失败 96 用时 124.3s] 当前：黄粱美梦
[进度 229/238 96% 成功 133 失败 96 用时 124.5s] 当前：恪守成式
[进度 230/238 96% 成功 134 失败 96 用时 124.6s] 当前：不幸月会
[进度 231/238 97% 成功 134 失败 97 用时 125.4s] 当前：赢肖公式
[进度 232/238 97% 成功 134 失败 98 用时 125.4s] 当前：亲切典礼
[进度 233/238 97% 成功 135 失败 98 用时 126.2s] 当前：害怕国王
[进度 234/238 98% 成功 136 失败 98 用时 126.2s] 当前：五彩缤纷
[进度 235/238 98% 成功 137 失败 98 用时 126.8s] 当前：月亮弯弯
[进度 236/238 99% 成功 137 失败 99 用时 126.9s] 当前：财富高手论坛
[进度 237/238 99% 成功 137 失败 100 用时 127.1s] 当前：主要针
[进度 238/238 100% 成功 137 失败 101 用时 128.4s] 当前：受宠若惊
完成：成功 137 条，失败 101 条
cache | 近10期缓存动态来源证据不完整；拒绝自动覆盖旧缓存，本轮继续输出TXT，缓存保持不变
success | C:\Users\Administrator\Desktop\每天工具\数据系列\七类数据统一归纳\212期-头.txt
failed | C:\Users\Administrator\Desktop\每天工具\数据系列\七类数据统一归纳失败\212期失败-一头.txt
baseline | 本轮未更新缓存
